  Determining projects to restore...
  All projects are up-to-date for restore.
C:\Program Files\dotnet\sdk\10.0.100-rc.2.25502.107\Sdks\Microsoft.NET.Sdk\targets\Microsoft.NET.RuntimeIdentifierInference.targets(351,5): message NETSDK1057: You are using a preview version of .NET. See: https://aka.ms/dotnet-support-policy [C:\Users\SAO BIEN\source\repos\INVENTO-FLOW\INVENTO-FLOW\INVENTO-FLOW.csproj]
C:\Program Files\dotnet\sdk\10.0.100-rc.2.25502.107\Sdks\Microsoft.NET.Sdk\targets\Microsoft.NET.RuntimeIdentifierInference.targets(351,5): message NETSDK1057: You are using a preview version of .NET. See: https://aka.ms/dotnet-support-policy [C:\Users\SAO BIEN\source\repos\INVENTO-FLOW\InventoFlow.Domain\InventoFlow.Domain.csproj]
C:\Program Files\dotnet\sdk\10.0.100-rc.2.25502.107\Sdks\Microsoft.NET.Sdk\targets\Microsoft.NET.RuntimeIdentifierInference.targets(351,5): message NETSDK1057: You are using a preview version of .NET. See: https://aka.ms/dotnet-support-policy [C:\Users\SAO BIEN\source\repos\INVENTO-FLOW\InventoFlow.Infrastructure\InventoFlow.Infrastructure.csproj]
  InventoFlow.Domain -> C:\Users\SAO BIEN\source\repos\INVENTO-FLOW\InventoFlow.Domain\bin\Debug\net8.0\InventoFlow.Domain.dll
  InventoFlow.Application -> C:\Users\SAO BIEN\source\repos\INVENTO-FLOW\InventoFlow.Application\bin\Debug\net8.0\InventoFlow.Application.dll
  InventoFlow.Infrastructure -> C:\Users\SAO BIEN\source\repos\INVENTO-FLOW\InventoFlow.Infrastructure\bin\Debug\net8.0\InventoFlow.Infrastructure.dll
C:\Users\SAO BIEN\source\repos\INVENTO-FLOW\INVENTO-FLOW\Program.cs(45,76): error CS0246: The type or namespace name 'GetProductByIdQuery' could not be found (are you missing a using directive or an assembly reference?) [C:\Users\SAO BIEN\source\repos\INVENTO-FLOW\INVENTO-FLOW\INVENTO-FLOW.csproj]

Build FAILED.

C:\Users\SAO BIEN\source\repos\INVENTO-FLOW\INVENTO-FLOW\Program.cs(45,76): error CS0246: The type or namespace name 'GetProductByIdQuery' could not be found (are you missing a using directive or an assembly reference?) [C:\Users\SAO BIEN\source\repos\INVENTO-FLOW\INVENTO-FLOW\INVENTO-FLOW.csproj]
    0 Warning(s)
    1 Error(s)

Time Elapsed 00:00:01.84
